// Vitest Snapshot v1, https://vitest.dev/guide/snapshot.html

exports[`Given <Homepage /> > Should render correctly   1`] = `Screen {}`;
