// Vitest Snapshot v1, https://vitest.dev/guide/snapshot.html

exports[`Given <Shop /> > Should render correctly   1`] = `Screen {}`;
